// Jest Snapshot v1, https://goo.gl/fbAQLP

exports[`Item should render 1`] = `<li class="list-group-item"></li>`;
