// Jest Snapshot v1, https://goo.gl/fbAQLP

exports[`ItemField should render 1`] = `<div class="flex-col"></div>`;
