// Jest Snapshot v1, https://goo.gl/fbAQLP

exports[`Input should render 1`] = `
<div class="">
  <input id="FormInput1" value="" class="input-root form-control" type="text">
</div>
`;
