// Jest Snapshot v1, https://goo.gl/fbAQLP

exports[`Label should render 1`] = `<label class="form-control-label label-root"></label>`;

exports[`Label should render as required 1`] = `
<label class="form-control-label label-root">
  <span>(required)</span>
</label>
`;
