// Jest Snapshot v1, https://goo.gl/fbAQLP

exports[`Button should render 1`] = `<button class="button-root btn btn-secondary" type="button"></button>`;

exports[`Button should render as block 1`] = `<button class="button-root btn btn-secondary btn-block" type="button"></button>`;

exports[`Button should render with a different type 1`] = `<button class="button-root btn btn-secondary" type="submit"></button>`;
