// Jest Snapshot v1, https://goo.gl/fbAQLP

exports[`EntityList should render 1`] = `
<ul class="list-group list-group-root entity-list-root">
  <li class="list-group-item list-group-item-flex">
    <div class="flex-col">
      <div class="custom-control custom-checkbox">
        <label>
          <input class="custom-control-input" ref="checkbox" type="checkbox">
          <span class="custom-control-indicator"></span>
          <span class="custom-control-description"></span>
        </label>
      </div>
    </div>
    <div class="flex-col">
      <span class="avatar-root rounded-circle sticker sticker-danger">FB</span>
    </div>
    <div class="flex-col flex-col-expand">
      <strong>
        <a href="/contacts/individuals/0" class="list-group-link" ref="nameLink">Foo Bar</a>
      </strong>
      <div>x-at-x</div>
    </div>
    <div class="flex-col">
      <svg class="icon-root lexicon-icon lexicon-icon-ellipsis-v">
        <use xlink:href="/images/lexicon/icons.svg#ellipsis-v"></use>
      </svg>
    </div>
  </li>
  <li class="list-group-item list-group-item-flex">
    <div class="flex-col">
      <div class="custom-control custom-checkbox">
        <label>
          <input class="custom-control-input" ref="checkbox" type="checkbox">
          <span class="custom-control-indicator"></span>
          <span class="custom-control-description"></span>
        </label>
      </div>
    </div>
    <div class="flex-col">
      <span class="avatar-root rounded-circle sticker sticker-danger">FB</span>
    </div>
    <div class="flex-col flex-col-expand">
      <strong>
        <a href="/contacts/individuals/1" class="list-group-link" ref="nameLink">Foo Bar</a>
      </strong>
      <div>x-at-x</div>
    </div>
    <div class="flex-col">
      <svg class="icon-root lexicon-icon lexicon-icon-ellipsis-v">
        <use xlink:href="/images/lexicon/icons.svg#ellipsis-v"></use>
      </svg>
    </div>
  </li>
  <li class="list-group-item list-group-item-flex">
    <div class="flex-col">
      <div class="custom-control custom-checkbox">
        <label>
          <input class="custom-control-input" ref="checkbox" type="checkbox">
          <span class="custom-control-indicator"></span>
          <span class="custom-control-description"></span>
        </label>
      </div>
    </div>
    <div class="flex-col">
      <span class="avatar-root rounded-circle sticker sticker-danger">FB</span>
    </div>
    <div class="flex-col flex-col-expand">
      <strong>
        <a href="/contacts/individuals/2" class="list-group-link" ref="nameLink">Foo Bar</a>
      </strong>
      <div>x-at-x</div>
    </div>
    <div class="flex-col">
      <svg class="icon-root lexicon-icon lexicon-icon-ellipsis-v">
        <use xlink:href="/images/lexicon/icons.svg#ellipsis-v"></use>
      </svg>
    </div>
  </li>
</ul>
`;

exports[`EntityList should render with header named \`foo bar\` 1`] = `
<ul class="list-group list-group-root entity-list-root">
  <li class="list-group-item list-group-item-flex">
    <div class="flex-col">
      <div class="custom-control custom-checkbox">
        <label>
          <input class="custom-control-input" ref="checkbox" type="checkbox">
          <span class="custom-control-indicator"></span>
          <span class="custom-control-description"></span>
        </label>
      </div>
    </div>
    <div class="flex-col">
      <span class="avatar-root rounded-circle sticker sticker-danger">FB</span>
    </div>
    <div class="flex-col flex-col-expand">
      <strong>
        <a href="/contacts/individuals/0" class="list-group-link" ref="nameLink">Foo Bar</a>
      </strong>
      <div>x-at-x</div>
    </div>
    <div class="flex-col">
      <svg class="icon-root lexicon-icon lexicon-icon-ellipsis-v">
        <use xlink:href="/images/lexicon/icons.svg#ellipsis-v"></use>
      </svg>
    </div>
  </li>
  <li class="list-group-item list-group-item-flex">
    <div class="flex-col">
      <div class="custom-control custom-checkbox">
        <label>
          <input class="custom-control-input" ref="checkbox" type="checkbox">
          <span class="custom-control-indicator"></span>
          <span class="custom-control-description"></span>
        </label>
      </div>
    </div>
    <div class="flex-col">
      <span class="avatar-root rounded-circle sticker sticker-danger">FB</span>
    </div>
    <div class="flex-col flex-col-expand">
      <strong>
        <a href="/contacts/individuals/1" class="list-group-link" ref="nameLink">Foo Bar</a>
      </strong>
      <div>x-at-x</div>
    </div>
    <div class="flex-col">
      <svg class="icon-root lexicon-icon lexicon-icon-ellipsis-v">
        <use xlink:href="/images/lexicon/icons.svg#ellipsis-v"></use>
      </svg>
    </div>
  </li>
  <li class="list-group-item list-group-item-flex">
    <div class="flex-col">
      <div class="custom-control custom-checkbox">
        <label>
          <input class="custom-control-input" ref="checkbox" type="checkbox">
          <span class="custom-control-indicator"></span>
          <span class="custom-control-description"></span>
        </label>
      </div>
    </div>
    <div class="flex-col">
      <span class="avatar-root rounded-circle sticker sticker-danger">FB</span>
    </div>
    <div class="flex-col flex-col-expand">
      <strong>
        <a href="/contacts/individuals/2" class="list-group-link" ref="nameLink">Foo Bar</a>
      </strong>
      <div>x-at-x</div>
    </div>
    <div class="flex-col">
      <svg class="icon-root lexicon-icon lexicon-icon-ellipsis-v">
        <use xlink:href="/images/lexicon/icons.svg#ellipsis-v"></use>
      </svg>
    </div>
  </li>
</ul>
`;
