// Jest Snapshot v1, https://goo.gl/fbAQLP

exports[`Icon should render 1`] = `
<svg class="icon-root lexicon-icon lexicon-icon-file">
  <use xlink:href="/images/lexicon/icons.svg#file"></use>
</svg>
`;
