// Jest Snapshot v1, https://goo.gl/fbAQLP

exports[`Overlay should render the trigger 1`] = `<button>trigger</button>`;
