// Jest Snapshot v1, https://goo.gl/fbAQLP

exports[`Modal Body should render 1`] = `<div class="modal-body"></div>`;
