// Jest Snapshot v1, https://goo.gl/fbAQLP

exports[`Modal Footer should render 1`] = `<div class="modal-footer"></div>`;
