// Jest Snapshot v1, https://goo.gl/fbAQLP

exports[`Modal should render 1`] = `
<div class="modal-dialog">
  <div class="modal-content"></div>
</div>
`;
